// Jest Snapshot v1, https://goo.gl/fbAQLP

exports[`<SingleImage/> render SingleImage 1`] = `
<div
  className="col s4"
>
  <div
    className="card small hoverable"
  >
    <div
      className="card-image"
    >
      <a
        href=""
        target="_blank"
      >
        <img
          alt=""
          src=""
        />
      </a>
      <span
        className="card-title"
      />
    </div>
    <div
      className="card-content"
    >
      <span
        className="teal-text"
      >
        Tags:
      </span>
      <p>
         
      </p>
    </div>
  </div>
</div>
`;
